[4;1mreadps                  30-Aug-88 17:56:14  Hunk Section                Page 1-1[0m

[4m num[0m [4mhunk    [0m [4m    size[0m [4mfilename        [0m [4mpunit   [0m [4mtype    [0m [4m    base[0m [4m alv[0m
   0 text         26f8 LIB:c.o          c        code            0    0
                       LIB:lc.lib       autoreq  code          1d8    0
                       LIB:lc.lib       chkufb.o code          20c    4
                       LIB:lc.lib       close.o  code          26c    0
                       LIB:lc.lib       exit.o   code          2c0    1
                       LIB:lc.lib       fclose.o code          324    0
                       LIB:lc.lib       fgets.o  code          39c    0
                       LIB:lc.lib       fopen.o  code          420    1
                       LIB:lc.lib       fscanf.o code          640    1
                       LIB:lc.lib       getmem.o code          800    2
                       LIB:lc.lib       gets.o   code          8fc    0
                       LIB:lc.lib       isdigit. code          97c    0
                       LIB:lc.lib       lseek.o  code          9a0    0
                       LIB:lc.lib       mem1.o   code          9e8    5
                       LIB:lc.lib       open.o   code          b98    1
                       LIB:lc.lib       read.o   code          d94    1
                       LIB:lc.lib       rlsmem.o code          de4    0
                       LIB:lc.lib       sscanf.o code          f0c    0
                       LIB:lc.lib       stcl_d.o code         1080    0
                       LIB:lc.lib       stcul_d. code         10c4    0
                       LIB:lc.lib       strncat. code         1128    0
                       LIB:lc.lib       tolower  code         1188    0
                       LIB:lc.lib       ungetc.o code         11a0    0
                       LIB:lc.lib       write.o  code         1234    0
                       LIB:lc.lib       utprintf code         129c    0
                       LIB:lc.lib       uwrites. code         1428    0
                       LIB:lc.lib       ufilbf.o code         14a4    0
                       LIB:lc.lib       uflsbf.o code         164c    0
                       LIB:lc.lib       ugetbf.o code         1944    1
                       LIB:lc.lib       umain.o  code         19a8    4
                       LIB:lc.lib       usfmt.o  code         1bd0    0
                       LIB:lc.lib       cxd33    code         212c    0
                       LIB:lc.lib       ucxovf   code         21f0    0
                       LIB:lc.lib       cxm33    code         2208    0
                       LIB:lc.lib       memcpy   code         2228    0
                       LIB:lc.lib       setmem   code         2254    0
                       LIB:lc.lib       strcmp   code         226c    0
                       LIB:lc.lib       strcpy   code         228c    0
                       LIB:lc.lib       strlen   code         22a0    0
                       LIB:lc.lib       uexit.o  code         22b4    0
                       LIB:lc.lib       chkabort code         22fc    0
                       LIB:lc.lib       dread.o  code         2350    0
                       LIB:lc.lib       dwrite.o code         23a0    0
                       LIB:lc.lib       dseek.o  code         23f0    0
                       LIB:lc.lib       dopen.o  code         2484    0
                       LIB:lc.lib       dclose.o code         24d0    0
                       LIB:lc.lib       dcreat.o code         24f0    0
                       LIB:lc.lib       dcreatx. code         256c    0
                       LIB:lc.lib       cxovf.o  code         25e0    2
                       LIB:lc.lib       cxbrk.o  code         2670    0
   1 <noname>      c58 readps.o         readps.o code            0   22
   2 __MERGED      8fc LIB:c.o          c        data            0    0
                       readps.o         readps.o data           68    0
[4;1mreadps                  30-Aug-88 17:56:14  Hunk Section                Page 1-2[0m

[4m num[0m [4mhunk    [0m [4m    size[0m [4mfilename        [0m [4mpunit   [0m [4mtype    [0m [4m    base[0m [4m alv[0m
                       LIB:lc.lib       bufsiz.o data          62c    0
                       LIB:lc.lib       ctype.o  data          630    0
                       LIB:lc.lib       error.o  data          734    0
                       LIB:lc.lib       utprintf data          738    0
                       LIB:lc.lib       uflsbf.o data          748    0
                       LIB:lc.lib       ufmode.o data          74c    0
                       LIB:lc.lib       uiob.o   data          750    0
                       LIB:lc.lib       uiomode. data          7b8    0
                       LIB:lc.lib       umain.o  data          7bc    0
                       LIB:lc.lib       umneed.o data          7d0    0
                       LIB:lc.lib       upool.o  data          7d4    0
                       LIB:lc.lib       uufbs.o  data          7e8    0
                       LIB:lc.lib       dosbase  data          7ec    0
                       LIB:lc.lib       intubase data          7f0    0
                       LIB:lc.lib       mathbase data          7f4    0
                       LIB:lc.lib       tranbase data          7f8    0
                       LIB:lc.lib       mstep    data          7fc    0
                       LIB:lc.lib       cxovf.o  data          800    0
                       LIB:lc.lib       cxbrk.o  data          86c    0
                       readps.o         readps.o bss           8fc    0
                       LIB:lc.lib       fscanf.o bss          2ddc    0
                       LIB:lc.lib       mem1.o   bss          2de0    0
                       LIB:lc.lib       sscanf.o bss          2dec    0
                       LIB:lc.lib       umain.o  bss          2df0    0
                       LIB:lc.lib       uufbs.o  bss          2eb4    0
