[4;1mmain                    28-Apr-90 19:10:38  Hunk Section                Page 1-1[0m

[4m num[0m [4mhunk    [0m [4m    size[0m [4mfilename        [0m [4mpunit   [0m [4mtype    [0m [4m    base[0m [4m alv[0m
   0 text         32d4 LIB:c.o          c        code            0    0
                       lib:lcmffp.lib   cxferr.o code          1d8    2
                       lib:lcmffp.lib   printf.o code          20c    1
                       lib:lcmffp.lib   scanf.o  code          28c    1
                       lib:lcmffp.lib   upfmt.o  code          440    1
                       lib:lcmffp.lib   usfmt.o  code          e4c    0
                       lib:lcmffp.lib   cxvffpd  code         1450    0
                       lib:lcmffp.lib   ffptran  code         186c    0
                       lib:lcmffp.lib   cxffp    code         1994    0
                       lib:lcmffp.lib   cxd33    code         1a9c    0
                       lib:lcmffp.lib   cxm33    code         1b60    0
                       LIB:lc.lib       autoreq  code         1b80    0
                       LIB:lc.lib       chkufb.o code         1bb4    4
                       LIB:lc.lib       close.o  code         1c14    0
                       LIB:lc.lib       exit.o   code         1c68    0
                       LIB:lc.lib       getmem.o code         1cc4    2
                       LIB:lc.lib       isdigit. code         1dc0    0
                       LIB:lc.lib       lseek.o  code         1de4    0
                       LIB:lc.lib       mem1.o   code         1e2c    5
                       LIB:lc.lib       open.o   code         1fdc    1
                       LIB:lc.lib       read.o   code         21d8    1
                       LIB:lc.lib       rlsmem.o code         2228    0
                       LIB:lc.lib       stcd_i.o code         2350    0
                       LIB:lc.lib       stcl_h.o code         23ec    0
                       LIB:lc.lib       stcl_o.o code         2468    0
                       LIB:lc.lib       stcul_d. code         24e4    0
                       LIB:lc.lib       strncat. code         2548    0
                       LIB:lc.lib       strupr.o code         25a8    0
                       LIB:lc.lib       toupper  code         25dc    0
                       LIB:lc.lib       ungetc.o code         25f4    0
                       LIB:lc.lib       write.o  code         2688    0
                       LIB:lc.lib       ufilbf.o code         26f0    0
                       LIB:lc.lib       uflsbf.o code         2898    0
                       LIB:lc.lib       ugetbf.o code         2b90    1
                       LIB:lc.lib       umain.o  code         2bf4    5
                       LIB:lc.lib       ucxovf   code         2e24    0
                       LIB:lc.lib       memcpy   code         2e3c    0
                       LIB:lc.lib       strcpy   code         2e68    0
                       LIB:lc.lib       strlen   code         2e7c    0
                       LIB:lc.lib       uexit.o  code         2e90    0
                       LIB:lc.lib       chkabort code         2ed8    0
                       LIB:lc.lib       dread.o  code         2f2c    0
                       LIB:lc.lib       dwrite.o code         2f7c    0
                       LIB:lc.lib       dseek.o  code         2fcc    0
                       LIB:lc.lib       dopen.o  code         3060    0
                       LIB:lc.lib       dclose.o code         30ac    0
                       LIB:lc.lib       dcreat.o code         30cc    0
                       LIB:lc.lib       dcreatx. code         3148    0
                       LIB:lc.lib       cxovf.o  code         31bc    2
                       LIB:lc.lib       cxbrk.o  code         324c    0
   1 <noname>      d3c main.o           backup.o code            0   15
   2 <noname>      110 delete_sample.o  delete_s code            0    4
   3 <noname>      7ac load_file.o      load_fil code            0   14
[4;1mmain                    28-Apr-90 19:10:38  Hunk Section                Page 1-2[0m

[4m num[0m [4mhunk    [0m [4m    size[0m [4mfilename        [0m [4mpunit   [0m [4mtype    [0m [4m    base[0m [4m alv[0m
   4 <noname>      13c cread.o          cread.o  code            0    2
   5 <noname>       6c skip.o           skip.o   code            0    3
   6 __MERGED      630 LIB:c.o          c        data            0    0
                       main.o           backup.o data           68    0
                       load_file.o      load_fil data          328    0
                       cread.o          cread.o  data          338    0
                       lib:lcmffp.lib   upfmt.o  data          358    0
                       LIB:lc.lib       bufsiz.o data          35c    0
                       LIB:lc.lib       ctype.o  data          360    0
                       LIB:lc.lib       error.o  data          464    0
                       LIB:lc.lib       stcl_h.o data          468    0
                       LIB:lc.lib       uflsbf.o data          47c    0
                       LIB:lc.lib       ufmode.o data          480    0
                       LIB:lc.lib       uiob.o   data          484    0
                       LIB:lc.lib       uiomode. data          4ec    0
                       LIB:lc.lib       umain.o  data          4f0    0
                       LIB:lc.lib       umneed.o data          504    0
                       LIB:lc.lib       upool.o  data          508    0
                       LIB:lc.lib       uufbs.o  data          51c    0
                       LIB:lc.lib       dosbase  data          520    0
                       LIB:lc.lib       intubase data          524    0
                       LIB:lc.lib       mathbase data          528    0
                       LIB:lc.lib       tranbase data          52c    0
                       LIB:lc.lib       mstep    data          530    0
                       LIB:lc.lib       cxovf.o  data          534    0
                       LIB:lc.lib       cxbrk.o  data          5a0    0
                       main.o           backup.o bss           630    0
                       load_file.o      load_fil bss          e8c0    0
                       lib:lcmffp.lib   printf.o bss          e910    0
                       LIB:lc.lib       mem1.o   bss          e914    0
                       LIB:lc.lib       umain.o  bss          e920    0
                       LIB:lc.lib       uufbs.o  bss          e9e4    0
   7 exec_lib       48 LIB:amiga.lib    <noname> code            0    0
                       LIB:amiga.lib    <noname> code           18    0
                       LIB:amiga.lib    <noname> code           30    0
   8 mathffp_       14 LIB:amiga.lib    <noname> code            0    0
   9 mathtran      108 LIB:amiga.lib    <noname> code            0    0
                       LIB:amiga.lib    <noname> code           14    0
                       LIB:amiga.lib    <noname> code           28    0
                       LIB:amiga.lib    <noname> code           3c    0
                       LIB:amiga.lib    <noname> code           50    0
                       LIB:amiga.lib    <noname> code           64    0
                       LIB:amiga.lib    <noname> code           78    0
                       LIB:amiga.lib    <noname> code           8c    0
                       LIB:amiga.lib    <noname> code           a0    0
                       LIB:amiga.lib    <noname> code           b4    0
                       LIB:amiga.lib    <noname> code           cc    0
                       LIB:amiga.lib    <noname> code           e0    0
                       LIB:amiga.lib    <noname> code           f4    0
