[4;1mmain                    07-Feb-88 16:09:35  Hunk Section                Page 1-1[0m

[4m num[0m [4mhunk    [0m [4m    size[0m [4mfilename        [0m [4mpunit   [0m [4mtype    [0m [4m    base[0m [4m alv[0m
   0 text         1948 LIB:c.o          c        code            0    0
                       handler.o        handler  code          1d8    0
                       LIB:lc.lib       autoreq  code          208    0
                       LIB:lc.lib       chkufb.o code          23c    4
                       LIB:lc.lib       cxovf.o  code          29c    2
                       LIB:lc.lib       exit.o   code          2f4    1
                       LIB:lc.lib       getmem.o code          358    2
                       LIB:lc.lib       isdigit. code          454    0
                       LIB:lc.lib       lseek.o  code          478    0
                       LIB:lc.lib       mem1.o   code          4c0    5
                       LIB:lc.lib       printf.o code          670    0
                       LIB:lc.lib       read.o   code          6e8    1
                       LIB:lc.lib       rlsmem.o code          738    0
                       LIB:lc.lib       stcd_i.o code          860    0
                       LIB:lc.lib       stcl_h.o code          8fc    0
                       LIB:lc.lib       stcl_o.o code          978    0
                       LIB:lc.lib       stcul_d. code          9f4    0
                       LIB:lc.lib       strncat. code          a58    0
                       LIB:lc.lib       strupr.o code          ab8    0
                       LIB:lc.lib       toupper  code          aec    0
                       LIB:lc.lib       write.o  code          b04    0
                       LIB:lc.lib       uflsbf.o code          b6c    0
                       LIB:lc.lib       ugetbf.o code          e64    1
                       LIB:lc.lib       umain.o  code          ec8    5
                       LIB:lc.lib       upfmt.o  code         10f8    1
                       LIB:lc.lib       cxd33    code         160c    0
                       LIB:lc.lib       ucxovf   code         16d0    0
                       LIB:lc.lib       cxm33    code         16e8    0
                       LIB:lc.lib       uexit.o  code         1708    0
                       LIB:lc.lib       chkabort code         1750    0
                       LIB:lc.lib       cxbrk.o  code         17a4    0
                       LIB:lc.lib       dread.o  code         17f4    0
                       LIB:lc.lib       dwrite.o code         1844    0
                       LIB:lc.lib       dseek.o  code         1894    0
                       LIB:lc.lib       dclose.o code         1928    0
   1 <noname>       e8 main.o           main.o   code            0    9
   2 <noname>      1c0 midi.o           midi.o   code            0    8
   3 <noname>       90 midi.o           midi.o   data            0    0
   4 <noname>      208 midi.o           midi.o   bss             0    0
   5 __MERGED      25c LIB:c.o          c        data            0    0
                       main.o           main.o   data           68    0
                       LIB:lc.lib       bufsiz.o data           8c    0
                       LIB:lc.lib       cxovf.o  data           90    0
                       LIB:lc.lib       error.o  data           fc    0
                       LIB:lc.lib       stcl_h.o data          100    0
                       LIB:lc.lib       uflsbf.o data          114    0
                       LIB:lc.lib       ufmode.o data          118    0
                       LIB:lc.lib       uiob.o   data          11c    0
                       LIB:lc.lib       umain.o  data          184    0
                       LIB:lc.lib       umneed.o data          198    0
                       LIB:lc.lib       upfmt.o  data          19c    0
                       LIB:lc.lib       upool.o  data          1a0    0
                       LIB:lc.lib       uufbs.o  data          1b4    0
[4;1mmain                    07-Feb-88 16:09:35  Hunk Section                Page 1-2[0m

[4m num[0m [4mhunk    [0m [4m    size[0m [4mfilename        [0m [4mpunit   [0m [4mtype    [0m [4m    base[0m [4m alv[0m
                       LIB:lc.lib       cxbrk.o  data          1b8    0
                       LIB:lc.lib       dosbase  data          248    0
                       LIB:lc.lib       intubase data          24c    0
                       LIB:lc.lib       mathbase data          250    0
                       LIB:lc.lib       tranbase data          254    0
                       LIB:lc.lib       mstep    data          258    0
                       LIB:lc.lib       mem1.o   bss           25c    0
                       LIB:lc.lib       printf.o bss           268    0
                       LIB:lc.lib       umain.o  bss           26c    0
                       LIB:lc.lib       uufbs.o  bss           330    0
   6 dos_lib        30 LIB:amiga.lib    <noname> code            0    0
                       LIB:amiga.lib    <noname> code           1c    0
   7 exec_lib       68 LIB:amiga.lib    <noname> code            0    0
                       LIB:amiga.lib    <noname> code           10    0
                       LIB:amiga.lib    <noname> code           20    0
                       LIB:amiga.lib    <noname> code           38    0
                       LIB:amiga.lib    <noname> code           50    0
