[4;1mtime                    01-Sep-89 17:46:59  Hunk Section                Page 1-1[0m

[4m num[0m [4mhunk    [0m [4m    size[0m [4mfilename        [0m [4mpunit   [0m [4mtype    [0m [4m    base[0m [4m alv[0m
   0 text         2df8 LIB:c.o          c        code            0    0
                       lib:lcmffp.lib   cxferr.o code          1d8    2
                       lib:lcmffp.lib   printf.o code          20c    1
                       lib:lcmffp.lib   scanf.o  code          28c    1
                       lib:lcmffp.lib   upfmt.o  code          440    1
                       lib:lcmffp.lib   usfmt.o  code          e4c    0
                       lib:lcmffp.lib   cxvffpd  code         1450    0
                       lib:lcmffp.lib   cxffp    code         186c    0
                       lib:lcmffp.lib   cxd33    code         1974    0
                       lib:lcmffp.lib   cxm33    code         1a38    0
                       LIB:lc.lib       autoreq  code         1a58    0
                       LIB:lc.lib       chkufb.o code         1a8c    4
                       LIB:lc.lib       exit.o   code         1aec    0
                       LIB:lc.lib       getmem.o code         1b48    2
                       LIB:lc.lib       isdigit. code         1c44    0
                       LIB:lc.lib       lseek.o  code         1c68    0
                       LIB:lc.lib       mem1.o   code         1cb0    5
                       LIB:lc.lib       read.o   code         1e60    1
                       LIB:lc.lib       rlsmem.o code         1eb0    0
                       LIB:lc.lib       stcd_i.o code         1fd8    0
                       LIB:lc.lib       stcl_h.o code         2074    0
                       LIB:lc.lib       stcl_o.o code         20f0    0
                       LIB:lc.lib       stcul_d. code         216c    0
                       LIB:lc.lib       strncat. code         21d0    0
                       LIB:lc.lib       strupr.o code         2230    0
                       LIB:lc.lib       toupper  code         2264    0
                       LIB:lc.lib       ungetc.o code         227c    0
                       LIB:lc.lib       write.o  code         2310    0
                       LIB:lc.lib       ufilbf.o code         2378    0
                       LIB:lc.lib       uflsbf.o code         2520    0
                       LIB:lc.lib       ugetbf.o code         2818    1
                       LIB:lc.lib       umain.o  code         287c    5
                       LIB:lc.lib       ucxovf   code         2aac    0
                       LIB:lc.lib       memcpy   code         2ac4    0
                       LIB:lc.lib       uexit.o  code         2af0    0
                       LIB:lc.lib       chkabort code         2b38    0
                       LIB:lc.lib       dread.o  code         2b8c    0
                       LIB:lc.lib       dwrite.o code         2bdc    0
                       LIB:lc.lib       dseek.o  code         2c2c    0
                       LIB:lc.lib       dclose.o code         2cc0    0
                       LIB:lc.lib       cxovf.o  code         2ce0    2
                       LIB:lc.lib       cxbrk.o  code         2d70    0
   1 <noname>      154 time.o           time.o   code            0   10
   2 __MERGED      368 LIB:c.o          c        data            0    0
                       time.o           time.o   data           68    0
                       lib:lcmffp.lib   upfmt.o  data           94    0
                       LIB:lc.lib       bufsiz.o data           98    0
                       LIB:lc.lib       ctype.o  data           9c    0
                       LIB:lc.lib       error.o  data          1a0    0
                       LIB:lc.lib       stcl_h.o data          1a4    0
                       LIB:lc.lib       uflsbf.o data          1b8    0
                       LIB:lc.lib       ufmode.o data          1bc    0
                       LIB:lc.lib       uiob.o   data          1c0    0
[4;1mtime                    01-Sep-89 17:46:59  Hunk Section                Page 1-2[0m

[4m num[0m [4mhunk    [0m [4m    size[0m [4mfilename        [0m [4mpunit   [0m [4mtype    [0m [4m    base[0m [4m alv[0m
                       LIB:lc.lib       umain.o  data          228    0
                       LIB:lc.lib       umneed.o data          23c    0
                       LIB:lc.lib       upool.o  data          240    0
                       LIB:lc.lib       uufbs.o  data          254    0
                       LIB:lc.lib       dosbase  data          258    0
                       LIB:lc.lib       intubase data          25c    0
                       LIB:lc.lib       mathbase data          260    0
                       LIB:lc.lib       tranbase data          264    0
                       LIB:lc.lib       mstep    data          268    0
                       LIB:lc.lib       cxovf.o  data          26c    0
                       LIB:lc.lib       cxbrk.o  data          2d8    0
                       lib:lcmffp.lib   printf.o bss           368    0
                       LIB:lc.lib       mem1.o   bss           36c    0
                       LIB:lc.lib       umain.o  bss           378    0
                       LIB:lc.lib       uufbs.o  bss           43c    0
   3 exec_lib       18 LIB:amiga.lib    <noname> code            0    0
